// Jest Snapshot v1, https://goo.gl/fbAQLP

exports[`renders correctly 1`] = `
<div
  className="favorite"
>
  You selected no Favorites yet!
</div>
`;
